// Jest Snapshot v1, https://goo.gl/fbAQLP

exports[`Tests for <ItemCard/> ItemCard: Snapshot 1`] = `
<div
  className="w-48 bg-white rounded-lg shadow-md dark:border-gray-700"
>
  <img
    alt="Test product title"
    className="p-8 rounded-t-lg"
    src="https://test-image"
  />
  <div
    className="px-5 pb-5"
  >
    <h5
      className="text-xs text-tertiary-light"
    >
      Test product title
    </h5>
    <div
      className="flex justify-between items-center"
    >
      <span
        className="text-l pt-2 font-bold text-gray-900"
      >
        â‚¬
        20.22
      </span>
    </div>
  </div>
</div>
`;
