// Jest Snapshot v1, https://goo.gl/fbAQLP

exports[`Tests for <AppSearch/> AppSearch: Snapshot 1`] = `
<form>
  <div
    className="relative"
  >
    <div
      className="flex absolute inset-y-0 left-0 items-center pl-3 pointer-events-none"
    >
      <svg
        className="w-5 h-5 text-gray-500 dark:text-gray-400"
        fill="none"
        stroke="currentColor"
        viewBox="0 0 24 24"
        xmlns="http://www.w3.org/2000/svg"
      >
        <path
          d="M21 21l-6-6m2-5a7 7 0 11-14 0 7 7 0 0114 0z"
          strokeLinecap="round"
          strokeLinejoin="round"
          strokeWidth="2"
        />
      </svg>
    </div>
    <input
      className="block p-4 pl-10 w-full text-md text-tertiary-light bg-gray-50 rounded-lg border border-gray-300 focus:ring-0 focus:outline-none"
      id="default-search"
      onChange={[Function]}
      placeholder="Search Products"
      required={true}
      title="search-input"
      type="search"
      value=""
    />
  </div>
</form>
`;
