// Jest Snapshot v1, https://goo.gl/fbAQLP

exports[`Tests for <Menu/> Menu: Snapshot 1`] = `
<div
  className="absolute top-[70px] overflow-auto undefined"
/>
`;
