// Jest Snapshot v1, https://goo.gl/fbAQLP

exports[`Tests for <Cart/> AppHeader: Snapshot 1`] = `
<div
  className="absolute top-[70px] left-1/2 z-10 w-[95%] max-w-md -translate-x-1/2 rounded-lg bg-white shadow-2xl shadow-tertiary/70 md:right-0 md:top-20 md:-translate-x-16 lg:top-28 lg:right-0 lg:w-96 lg:translate-x-56"
>
  <span
    className="border-secondary-dark-dark block border-b border-solid p-6 font-bold"
  >
    Your shopping Cart
  </span>
  <div
    className="w-full p-6"
  >
    <div>
      <div
        className="mb-6 flex items-center gap-4"
      >
        <img
          alt="nu3 Bio Acerola"
          className="w-12 rounded-md"
          src="https://cdn.shopify.com/s/files/1/0095/2274/1329/products/7_252F9_252Fe_252F2_252F79e29bdc358cf46c6f6df40f78ec1cabeda1a36a_21032_Top.jpg?v=1630500085"
        />
        <div
          className="mr-auto flex flex-col font-bold text-tertiary-dark"
        >
          <span>
            nu3 Bio Acerola
          </span>
          <span
            className="font-normal"
          >
            <span
              className="pr-2"
            >
              150 g
            </span>
            €
            18.99
             x 
            1
             
            <span
              className="font-bold text-tertiary"
            >
              €
              18.99
            </span>
          </span>
        </div>
        <button
          data-testid="delete-btn"
          onClick={[Function]}
          type="button"
        >
          <img
            alt="delete"
            src="trash.svg"
          />
        </button>
      </div>
      <button
        className="flex w-full items-center justify-center gap-2 rounded-lg bg-primary p-4 font-bold text-white shadow-lg shadow-primary/50 transition-all duration-300 hover:bg-primary/50"
        data-testid="main-btn"
        type="button"
      >
        <span>
          Checkout
        </span>
      </button>
    </div>
  </div>
</div>
`;
